// Jest Snapshot v1, https://goo.gl/fbAQLP

exports[`CityWeather should render Cities component 1`] = `[Function]`;

exports[`CityWeather should render CityWeather component 1`] = `[Function]`;
